[CoreBusinessMetrics] System persistent data directory not found: 
[CoreBusinessMetrics] Unable to configure cache. Connection string was invalid or not specified.
VBCSCompilerPreWarmer: pre-warm launched (dotnet PID 23908)
VBCSCompiler prewarm took 18.20 ms
[Licensing::Module] Trying to connect to existing licensing client channel...
Built from '6000.6/respin/6000.6.0f1-fa21a270ab12' branch; Version is '6000.6.0f1 (f7f8ed4d1e24) revision 16251117'; Using compiler version '194234433'; Build Type 'Release'
[Licensing::IpcConnector] Connection to channel LicenseClient-MP2NQ refused
OS: 'Windows 11  (10.0.26200) CoreSingleLanguage' Language: 'en' Physical Memory: 11995 MB
BatchMode: 1, IsHumanControllingUs: 0, StartBugReporterOnCrash: 0, Is64bit: 1
System  architecture: x64
Process architecture: x64
Date: 2026-09-06T10:06:47Z
[Licensing::Module] Successfully launched the LicensingClient (PId: 30872)
Assertion failed on expression: 'SUCCEEDED(hr)'
Assertion failed on expression: 'SUCCEEDED(hr)'
Assertion failed on expression: 'ERROR_SUCCESS == status'

COMMAND LINE ARGUMENTS:
C:\Program Files\Unity\Hub\Editor\6000.6.0f1\Editor\Unity.exe
-batchmode
-nographics
-quit
-projectPath
C:\project\surakshaAR
-logFile
C:\project\surakshaAR\unity-compile.log
Successfully changed project path to: C:\project\surakshaAR
C:/project/surakshaAR
[UnityMemory] Configuration Parameters - Can be set up in boot.config
    "memorysetup-temp-allocator-size-gi-baking-worker=262144"
    "memorysetup-temp-allocator-size-gi-baking-worker=262144"
    "memorysetup-temp-allocator-size-gi-baking-worker=262144"
    "memorysetup-temp-allocator-size-gi-baking-worker=262144"
    "memorysetup-temp-allocator-size-gi-baking-worker=262144"
    "memorysetup-temp-allocator-size-nav-mesh-worker=65536"
    "memorysetup-temp-allocator-size-audio-worker=65536"
    "memorysetup-temp-allocator-size-cloud-worker=32768"
    "memorysetup-temp-allocator-size-gfx=262144"
    "memorysetup-remapper-allocator-initial-capacity=32768"
    "memorysetup-temp-allocator-size-preload-manager=33554432"
    "memorysetup-allocator-temp-initial-block-size-main=262144"
    "memorysetup-allocator-temp-initial-block-size-worker=262144"
    "memorysetup-temp-allocator-size-job-worker=262144"
    "memorysetup-temp-allocator-size-background-worker=32768"
    "memorysetup-bucket-allocator-granularity=16"
    "memorysetup-bucket-allocator-bucket-count=8"
    "memorysetup-bucket-allocator-block-size=33554432"
    "memorysetup-bucket-allocator-block-count=8"
    "memorysetup-main-allocator-block-size=16777216"
    "memorysetup-thread-allocator-block-size=16777216"
    "memorysetup-main-allocator-mimalloc-enabled=1"
    "memorysetup-gfx-main-allocator-block-size=16777216"
    "memorysetup-gfx-thread-allocator-block-size=16777216"
    "memorysetup-cache-allocator-block-size=4194304"
    "memorysetup-typetree-allocator-block-size=2097152"
    "memorysetup-profiler-bucket-allocator-granularity=16"
    "memorysetup-profiler-bucket-allocator-bucket-count=8"
    "memorysetup-profiler-bucket-allocator-block-size=33554432"
    "memorysetup-profiler-bucket-allocator-block-count=8"
    "memorysetup-profiler-allocator-block-size=16777216"
    "memorysetup-profiler-editor-allocator-block-size=1048576"
    "memorysetup-temp-allocator-size-main=16777216"
    "memorysetup-job-temp-allocator-block-size=2097152"
    "memorysetup-job-temp-allocator-block-size-background=1048576"
    "memorysetup-job-temp-allocator-reduction-small-platforms=262144"
Logging is directed to a specific file, skipping project log.
Player connection [24452]  Target information:

Player connection [24452]  * "[IP] 172.16.48.58 [Port] 55504 [Flags] 2 [Guid] 1821449900 [EditorId] 1821449900 [Version] 1048832 [Id] WindowsEditor(7,krishnadangi) [Debug] 1 [PackageName] WindowsEditor [ProjectName] Editor" 

Player connection [24452]  * "[IP] 169.254.136.248 [Port] 55504 [Flags] 2 [Guid] 1821449900 [EditorId] 1821449900 [Version] 1048832 [Id] WindowsEditor(7,krishnadangi) [Debug] 1 [PackageName] WindowsEditor [ProjectName] Editor" 

Player connection [24452] Host joined multi-casting on [225.0.0.222:54997]...
Player connection [24452] Host joined alternative multi-casting on [225.0.0.222:34997]...
Input System module state changed to: Initialized.
[Physics::Module] Initialized fallback backend.
[Physics::Module] Id: 0xdecafbad
[Package Manager] Connected to IPC stream "Upm-16860" after 0.6 seconds.
[Licensing::Module] Licensing is not yet initialized.
[Licensing::Module] Error: Timed-out after 60.01s, waiting for Licensing to initialize
Library Redirect Path: Library/
Initialising UDS system complete:
  - System type: Client
  - Resource namespace: 2173941a58b4f39d1f6d79f3f084606f
  - Shared memory size: 1073741824
  - Command buffer id: 1052576
  - Command buffer size: 8192
  - Hashmap size: 4194304
  - Service connected: false
Launching Unity Data Store - C:/Program Files/Unity/Hub/Editor/6000.6.0f1/Editor/Data/Tools/Unity.DataStore.exe 
Unity Data Store artifact dir = Library/DataStore, working dir = C:/project/surakshaAR[Physics::Module] Selected backend.
[Physics::Module] Name: PhysX
[Physics::Module] Id: 0xf2b8ea05
[Physics::Module] SDK Version: 4.1.2
[Physics::Module] Integration Version: 1.0.0
[Physics::Module] Threading Mode: Multi-Threaded
Unity Data Store running and initialised
[Licensing::Module] Licensing is not yet initialized.
[Licensing::IpcConnector] Connection to channel LicenseClient-MP2NQ refused
[Licensing::Module] Timed-out after 60.02s, waiting for channel: "LicenseClient-MP2NQ"
[Licensing::Module] Error: Licensing initialization failed after 74.83s
[Licensing::Module] Licensing is initialized (took 12.28s).
[Licensing::Module] Error: The connection with the Unity Licensing Client has been lost. Attempting to reconnect.
[Licensing::IpcConnector] Connection to channel LicenseClient-MP2NQ refused
[Licensing::Module] Successfully launched the LicensingClient (PId: 23844)
[Licensing::IpcConnector] Connection to channel LicenseClient-MP2NQ refused
[Licensing::Module] Timed-out after 60.01s, waiting for channel: "LicenseClient-MP2NQ"
[Licensing::Module] The re-connection attempt was UN-successful.
[Licensing::Module] Error: 'com.unity.editor.headless' was not found.
Refreshing native plugins compatible for Editor in 8.43 ms, found 0 plugins.
Initialize engine version: 6000.6.0f1 (f7f8ed4d1e24)
[EntityIdStore] init: VM path (explicit commit), pageSize=4096, blockCount=1048576, entitiesPerBlock=256, slots reserved=4294967296 bytes
[Subsystems] Discovering subsystems at path C:/Program Files/Unity/Hub/Editor/6000.6.0f1/Editor/Data/Resources/UnitySubsystems
[Subsystems] Discovering subsystems at path C:/project/surakshaAR/Assets
Forcing GfxDevice: Null
GfxDevice: creating device client; kGfxThreadingModeNonThreaded
NullGfxDevice:
    Version:  NULL 1.0 [1.0]
    Renderer: Null Device
    Vendor:   Unity Technologies
Initialize mono
Mono path[0] = 'C:/Program Files/Unity/Hub/Editor/6000.6.0f1/Editor/Data/Managed'
Mono path[1] = 'C:/Program Files/Unity/Hub/Editor/6000.6.0f1/Editor/Data/BCLExtensions/runtime/netstandard2.1'
Mono path[2] = 'C:/Program Files/Unity/Hub/Editor/6000.6.0f1/Editor/Data/MonoBleedingEdge/lib/mono/unityjit-win32'
Mono config path = 'C:/Program Files/Unity/Hub/Editor/6000.6.0f1/Editor/Data/MonoBleedingEdge/etc'
Using monoOptions --debugger-agent=transport=dt_socket,embedding=1,server=y,suspend=n,address=127.0.0.1:56860
CodeReloadManager initialized
ImportWorker Server TCP listen port: 0
AcceleratorClientConnectionCallback - disconnected - :0
[Licensing::Module] Error: The connection with the Unity Licensing Client has been lost. Attempting to reconnect.
[Licensing::IpcConnector] Connection to channel LicenseClient-MP2NQ refused
[Licensing::Module] Successfully launched the LicensingClient (PId: 28528)
[Licensing::IpcConnector] Connection to channel LicenseClient-MP2NQ refused
[Licensing::Module] Timed-out after 60.01s, waiting for channel: "LicenseClient-MP2NQ"
[Licensing::Module] The re-connection attempt was UN-successful.
[Licensing::Module] Error: 'com.unity.editor.headless' was not found.
[Licensing::Module] Error: The connection with the Unity Licensing Client has been lost. Attempting to reconnect.
[Licensing::IpcConnector] Channel LicenseClient-MP2NQ doesn't exist
[Licensing::Module] Successfully launched the LicensingClient (PId: 8936)
[Licensing::IpcConnector] Successfully connected to: "LicenseClient-MP2NQ" at "2026-09-06T10:10:33.0369189Z"
[Licensing::Client] Code 10 while verifying Licensing Client signature (process Id: 8936, path: "C:/Program Files/Unity/Hub/Editor/6000.6.0f1/Editor/Data/Resources/Licensing/Client/Unity.Licensing.Client.exe")
[Licensing::Module] LicensingClient has failed validation; ignoring
[Licensing::Client] Handshaking with LicensingClient:
  Version:                 1.18.3+d7ffd15
  Session Id:              3866558e955d444d96c739652e12f8b4
  Correlation Id:          50807c21954b1c7d329d357822fb1068
  External correlation Id: 6643007011192750455
  Machine Id:              6ab116qffXLGH14B650+Qb5tSY0=
[Licensing::Module] Successfully connected to LicensingClient on channel: "LicenseClient-MP2NQ" (connect: 0.38s, validation: 0.09s, handshake: 0.69s)
[Licensing::IpcConnector] Successfully connected to: "LicenseClient-MP2NQ-notifications" at "2026-09-06T10:10:33.8175494Z"
[Licensing::Module] Connected to LicensingClient (PId: 8936, launch time: 0.02, total connection time: 1.16s)
[Licensing::Module] The re-connection attempt was successful.
[Licensing::Client] Error: Code 404 while processing request (status: Found 0 entitlement groups and 0 free entitlements matching requested entitlement ids)
[Licensing::Module] Error: 'com.unity.editor.headless' was not found.
Begin MonoManager ReloadAssembly
Registering precompiled unity dll's ...
Register platform support module: C:/Program Files/Unity/Hub/Editor/6000.6.0f1/Editor/Data/PlaybackEngines/WindowsStandaloneSupport/UnityEditor.WindowsStandalone.Extensions.dll
[Licensing::Client] Error: Code 404 while processing request (status: Found 0 entitlement groups and 0 free entitlements matching requested entitlement ids)
[Licensing::Module] Error: 'com.unity.editor.headless' was not found.
Registered in 0.015301 seconds.
[Licensing::Client] Error: Code 404 while processing request (status: Found 0 entitlement groups and 0 free entitlements matching requested entitlement ids)
[Licensing::Module] Error: 'com.unity.editor.headless' was not found.
[Licensing::Client] Error: Code 404 while processing request (status: Found 0 entitlement groups and 0 free entitlements matching requested entitlement ids)
[Licensing::Module] Error: 'com.unity.editor.headless' was not found.
[Licensing::Client] Error: Code 404 while processing request (status: Found 0 entitlement groups and 0 free entitlements matching requested entitlement ids)
[Licensing::Module] Error: 'com.unity.editor.headless' was not found.
[Licensing::Client] Error: Code 404 while processing request (status: Found 0 entitlement groups and 0 free entitlements matching requested entitlement ids)
[Licensing::Module] Error: 'com.unity.editor.headless' was not found.
[Licensing::Client] Error: Code 404 while processing request (status: Found 0 entitlement groups and 0 free entitlements matching requested entitlement ids)
[Licensing::Module] Error: 'com.unity.editor.headless' was not found.
[Licensing::Client] Error: Code 404 while processing request (status: Found 0 entitlement groups and 0 free entitlements matching requested entitlement ids)
[Licensing::Module] Error: 'com.unity.editor.headless' was not found.
